Archive member included to satisfy reference by file (symbol)

d:/stm32cubeide/stm32cubeide_1.7.0/stm32cubeide/plugins/com.st.stm32cube.ide.mcu.externaltools.gnu-tools-for-stm32.9-2020-q2-update.win32_2.0.0.202105311346/tools/bin/../lib/gcc/arm-none-eabi/9.3.1/../../../../arm-none-eabi/lib/thumb/v7-m/nofp\libc_nano.a(lib_a-errno.o)
                              ./Core/Src/syscalls.o (__errno)
d:/stm32cubeide/stm32cubeide_1.7.0/stm32cubeide/plugins/com.st.stm32cube.ide.mcu.externaltools.gnu-tools-for-stm32.9-2020-q2-update.win32_2.0.0.202105311346/tools/bin/../lib/gcc/arm-none-eabi/9.3.1/../../../../arm-none-eabi/lib/thumb/v7-m/nofp\libc_nano.a(lib_a-exit.o)
                              d:/stm32cubeide/stm32cubeide_1.7.0/stm32cubeide/plugins/com.st.stm32cube.ide.mcu.externaltools.gnu-tools-for-stm32.9-2020-q2-update.win32_2.0.0.202105311346/tools/bin/../lib/gcc/arm-none-eabi/9.3.1/../../../../arm-none-eabi/lib/thumb/v7-m/nofp/crt0.o (exit)
d:/stm32cubeide/stm32cubeide_1.7.0/stm32cubeide/plugins/com.st.stm32cube.ide.mcu.externaltools.gnu-tools-for-stm32.9-2020-q2-update.win32_2.0.0.202105311346/tools/bin/../lib/gcc/arm-none-eabi/9.3.1/../../../../arm-none-eabi/lib/thumb/v7-m/nofp\libc_nano.a(lib_a-impure.o)
                              d:/stm32cubeide/stm32cubeide_1.7.0/stm32cubeide/plugins/com.st.stm32cube.ide.mcu.externaltools.gnu-tools-for-stm32.9-2020-q2-update.win32_2.0.0.202105311346/tools/bin/../lib/gcc/arm-none-eabi/9.3.1/../../../../arm-none-eabi/lib/thumb/v7-m/nofp\libc_nano.a(lib_a-exit.o) (_global_impure_ptr)
d:/stm32cubeide/stm32cubeide_1.7.0/stm32cubeide/plugins/com.st.stm32cube.ide.mcu.externaltools.gnu-tools-for-stm32.9-2020-q2-update.win32_2.0.0.202105311346/tools/bin/../lib/gcc/arm-none-eabi/9.3.1/../../../../arm-none-eabi/lib/thumb/v7-m/nofp\libc_nano.a(lib_a-init.o)
                              d:/stm32cubeide/stm32cubeide_1.7.0/stm32cubeide/plugins/com.st.stm32cube.ide.mcu.externaltools.gnu-tools-for-stm32.9-2020-q2-update.win32_2.0.0.202105311346/tools/bin/../lib/gcc/arm-none-eabi/9.3.1/../../../../arm-none-eabi/lib/thumb/v7-m/nofp/crt0.o (__libc_init_array)
d:/stm32cubeide/stm32cubeide_1.7.0/stm32cubeide/plugins/com.st.stm32cube.ide.mcu.externaltools.gnu-tools-for-stm32.9-2020-q2-update.win32_2.0.0.202105311346/tools/bin/../lib/gcc/arm-none-eabi/9.3.1/../../../../arm-none-eabi/lib/thumb/v7-m/nofp\libc_nano.a(lib_a-memcpy-stub.o)
                              ./Middlewares/Third_Party/FreeRTOS/Source/queue.o (memcpy)
d:/stm32cubeide/stm32cubeide_1.7.0/stm32cubeide/plugins/com.st.stm32cube.ide.mcu.externaltools.gnu-tools-for-stm32.9-2020-q2-update.win32_2.0.0.202105311346/tools/bin/../lib/gcc/arm-none-eabi/9.3.1/../../../../arm-none-eabi/lib/thumb/v7-m/nofp\libc_nano.a(lib_a-memset.o)
                              d:/stm32cubeide/stm32cubeide_1.7.0/stm32cubeide/plugins/com.st.stm32cube.ide.mcu.externaltools.gnu-tools-for-stm32.9-2020-q2-update.win32_2.0.0.202105311346/tools/bin/../lib/gcc/arm-none-eabi/9.3.1/../../../../arm-none-eabi/lib/thumb/v7-m/nofp/crt0.o (memset)

Allocating common symbols
Common symbol       size              file

defaultTaskHandle   0x4               ./Core/Src/main.o
htim4               0x48              ./Core/Src/stm32f1xx_hal_timebase_tim.o
uwTick              0x4               ./Drivers/STM32F1xx_HAL_Driver/Src/stm32f1xx_hal.o
xQueueRegistry      0x40              ./Middlewares/Third_Party/FreeRTOS/Source/queue.o
pFlash              0x20              ./Drivers/STM32F1xx_HAL_Driver/Src/stm32f1xx_hal_flash.o
Task1Handle         0x4               ./Core/Src/main.o
myCountingSem01Handle
                    0x4               ./Core/Src/main.o
myBinarySem01Handle
                    0x4               ./Core/Src/main.o

Discarded input sections

 .text          0x0000000000000000        0x0 d:/stm32cubeide/stm32cubeide_1.7.0/stm32cubeide/plugins/com.st.stm32cube.ide.mcu.externaltools.gnu-tools-for-stm32.9-2020-q2-update.win32_2.0.0.202105311346/tools/bin/../lib/gcc/arm-none-eabi/9.3.1/thumb/v7-m/nofp/crti.o
 .data          0x0000000000000000        0x0 d:/stm32cubeide/stm32cubeide_1.7.0/stm32cubeide/plugins/com.st.stm32cube.ide.mcu.externaltools.gnu-tools-for-stm32.9-2020-q2-update.win32_2.0.0.202105311346/tools/bin/../lib/gcc/arm-none-eabi/9.3.1/thumb/v7-m/nofp/crti.o
 .bss           0x0000000000000000        0x0 d:/stm32cubeide/stm32cubeide_1.7.0/stm32cubeide/plugins/com.st.stm32cube.ide.mcu.externaltools.gnu-tools-for-stm32.9-2020-q2-update.win32_2.0.0.202105311346/tools/bin/../lib/gcc/arm-none-eabi/9.3.1/thumb/v7-m/nofp/crti.o
 .data          0x0000000000000000        0x4 d:/stm32cubeide/stm32cubeide_1.7.0/stm32cubeide/plugins/com.st.stm32cube.ide.mcu.externaltools.gnu-tools-for-stm32.9-2020-q2-update.win32_2.0.0.202105311346/tools/bin/../lib/gcc/arm-none-eabi/9.3.1/thumb/v7-m/nofp/crtbegin.o
[...]
Memory Configuration

Name             Origin             Length             Attributes
RAM              0x0000000020000000 0x0000000000005000 xrw
FLASH            0x0000000008000000 0x0000000000010000 xr
*default*        0x0000000000000000 0xffffffffffffffff

Linker script and memory map

LOAD d:/stm32cubeide/stm32cubeide_1.7.0/stm32cubeide/plugins/com.st.stm32cube.ide.mcu.externaltools.gnu-tools-for-stm32.9-2020-q2-update.win32_2.0.0.202105311346/tools/bin/../lib/gcc/arm-none-eabi/9.3.1/thumb/v7-m/nofp/crti.o
LOAD d:/stm32cubeide/stm32cubeide_1.7.0/stm32cubeide/plugins/com.st.stm32cube.ide.mcu.externaltools.gnu-tools-for-stm32.9-2020-q2-update.win32_2.0.0.202105311346/tools/bin/../lib/gcc/arm-none-eabi/9.3.1/thumb/v7-m/nofp/crtbegin.o
LOAD d:/stm32cubeide/stm32cubeide_1.7.0/stm32cubeide/plugins/com.st.stm32cube.ide.mcu.externaltools.gnu-tools-for-stm32.9-2020-q2-update.win32_2.0.0.202105311346/tools/bin/../lib/gcc/arm-none-eabi/9.3.1/../../../../arm-none-eabi/lib/thumb/v7-m/nofp/crt0.o
LOAD ./Core/Src/freertos.o
LOAD ./Core/Src/main.o
LOAD ./Core/Src/stm32f1xx_hal_msp.o
LOAD ./Core/Src/stm32f1xx_hal_timebase_tim.o
LOAD ./Core/Src/stm32f1xx_it.o
LOAD ./Core/Src/syscalls.o
LOAD ./Core/Src/sysmem.o
LOAD ./Core/Src/system_stm32f1xx.o
LOAD ./Core/Startup/startup_stm32f103c8tx.o
LOAD ./Drivers/STM32F1xx_HAL_Driver/Src/stm32f1xx_hal.o
LOAD ./Drivers/STM32F1xx_HAL_Driver/Src/stm32f1xx_hal_cortex.o
LOAD ./Drivers/STM32F1xx_HAL_Driver/Src/stm32f1xx_hal_dma.o
LOAD ./Drivers/STM32F1xx_HAL_Driver/Src/stm32f1xx_hal_exti.o
LOAD ./Drivers/STM32F1xx_HAL_Driver/Src/stm32f1xx_hal_flash.o
LOAD ./Drivers/STM32F1xx_HAL_Driver/Src/stm32f1xx_hal_flash_ex.o
LOAD ./Drivers/STM32F1xx_HAL_Driver/Src/stm32f1xx_hal_gpio.o
LOAD ./Drivers/STM32F1xx_HAL_Driver/Src/stm32f1xx_hal_gpio_ex.o
LOAD ./Drivers/STM32F1xx_HAL_Driver/Src/stm32f1xx_hal_pwr.o
LOAD ./Drivers/STM32F1xx_HAL_Driver/Src/stm32f1xx_hal_rcc.o
LOAD ./Drivers/STM32F1xx_HAL_Driver/Src/stm32f1xx_hal_rcc_ex.o
LOAD ./Drivers/STM32F1xx_HAL_Driver/Src/stm32f1xx_hal_tim.o
LOAD ./Drivers/STM32F1xx_HAL_Driver/Src/stm32f1xx_hal_tim_ex.o
LOAD ./Middlewares/Third_Party/FreeRTOS/Source/CMSIS_RTOS/cmsis_os.o
LOAD ./Middlewares/Third_Party/FreeRTOS/Source/croutine.o
LOAD ./Middlewares/Third_Party/FreeRTOS/Source/event_groups.o
LOAD ./Middlewares/Third_Party/FreeRTOS/Source/list.o
LOAD ./Middlewares/Third_Party/FreeRTOS/Source/queue.o
LOAD ./Middlewares/Third_Party/FreeRTOS/Source/stream_buffer.o
LOAD ./Middlewares/Third_Party/FreeRTOS/Source/tasks.o
LOAD ./Middlewares/Third_Party/FreeRTOS/Source/timers.o
LOAD ./Middlewares/Third_Party/FreeRTOS/Source/portable/GCC/ARM_CM3/port.o
LOAD ./Middlewares/Third_Party/FreeRTOS/Source/portable/MemMang/heap_4.o
START GROUP
LOAD d:/stm32cubeide/stm32cubeide_1.7.0/stm32cubeide/plugins/com.st.stm32cube.ide.mcu.externaltools.gnu-tools-for-stm32.9-2020-q2-update.win32_2.0.0.202105311346/tools/bin/../lib/gcc/arm-none-eabi/9.3.1/../../../../arm-none-eabi/lib/thumb/v7-m/nofp\libc_nano.a
LOAD d:/stm32cubeide/stm32cubeide_1.7.0/stm32cubeide/plugins/com.st.stm32cube.ide.mcu.externaltools.gnu-tools-for-stm32.9-2020-q2-update.win32_2.0.0.202105311346/tools/bin/../lib/gcc/arm-none-eabi/9.3.1/../../../../arm-none-eabi/lib/thumb/v7-m/nofp\libm.a
END GROUP
START GROUP
LOAD d:/stm32cubeide/stm32cubeide_1.7.0/stm32cubeide/plugins/com.st.stm32cube.ide.mcu.externaltools.gnu-tools-for-stm32.9-2020-q2-update.win32_2.0.0.202105311346/tools/bin/../lib/gcc/arm-none-eabi/9.3.1/thumb/v7-m/nofp\libgcc.a
LOAD d:/stm32cubeide/stm32cubeide_1.7.0/stm32cubeide/plugins/com.st.stm32cube.ide.mcu.externaltools.gnu-tools-for-stm32.9-2020-q2-update.win32_2.0.0.202105311346/tools/bin/../lib/gcc/arm-none-eabi/9.3.1/../../../../arm-none-eabi/lib/thumb/v7-m/nofp\libc_nano.a
END GROUP
START GROUP
LOAD d:/stm32cubeide/stm32cubeide_1.7.0/stm32cubeide/plugins/com.st.stm32cube.ide.mcu.externaltools.gnu-tools-for-stm32.9-2020-q2-update.win32_2.0.0.202105311346/tools/bin/../lib/gcc/arm-none-eabi/9.3.1/thumb/v7-m/nofp\libgcc.a
LOAD d:/stm32cubeide/stm32cubeide_1.7.0/stm32cubeide/plugins/com.st.stm32cube.ide.mcu.externaltools.gnu-tools-for-stm32.9-2020-q2-update.win32_2.0.0.202105311346/tools/bin/../lib/gcc/arm-none-eabi/9.3.1/../../../../arm-none-eabi/lib/thumb/v7-m/nofp\libc_nano.a
LOAD d:/stm32cubeide/stm32cubeide_1.7.0/stm32cubeide/plugins/com.st.stm32cube.ide.mcu.externaltools.gnu-tools-for-stm32.9-2020-q2-update.win32_2.0.0.202105311346/tools/bin/../lib/gcc/arm-none-eabi/9.3.1/../../../../arm-none-eabi/lib/thumb/v7-m/nofp\libnosys.a
END GROUP
START GROUP
LOAD d:/stm32cubeide/stm32cubeide_1.7.0/stm32cubeide/plugins/com.st.stm32cube.ide.mcu.externaltools.gnu-tools-for-stm32.9-2020-q2-update.win32_2.0.0.202105311346/tools/bin/../lib/gcc/arm-none-eabi/9.3.1/thumb/v7-m/nofp\libgcc.a
LOAD d:/stm32cubeide/stm32cubeide_1.7.0/stm32cubeide/plugins/com.st.stm32cube.ide.mcu.externaltools.gnu-tools-for-stm32.9-2020-q2-update.win32_2.0.0.202105311346/tools/bin/../lib/gcc/arm-none-eabi/9.3.1/../../../../arm-none-eabi/lib/thumb/v7-m/nofp\libc_nano.a
LOAD d:/stm32cubeide/stm32cubeide_1.7.0/stm32cubeide/plugins/com.st.stm32cube.ide.mcu.externaltools.gnu-tools-for-stm32.9-2020-q2-update.win32_2.0.0.202105311346/tools/bin/../lib/gcc/arm-none-eabi/9.3.1/../../../../arm-none-eabi/lib/thumb/v7-m/nofp\libnosys.a
END GROUP
LOAD d:/stm32cubeide/stm32cubeide_1.7.0/stm32cubeide/plugins/com.st.stm32cube.ide.mcu.externaltools.gnu-tools-for-stm32.9-2020-q2-update.win32_2.0.0.202105311346/tools/bin/../lib/gcc/arm-none-eabi/9.3.1/thumb/v7-m/nofp/crtend.o
LOAD d:/stm32cubeide/stm32cubeide_1.7.0/stm32cubeide/plugins/com.st.stm32cube.ide.mcu.externaltools.gnu-tools-for-stm32.9-2020-q2-update.win32_2.0.0.202105311346/tools/bin/../lib/gcc/arm-none-eabi/9.3.1/thumb/v7-m/nofp/crtn.o
                0x0000000020005000                _estack = (ORIGIN (RAM) + LENGTH (RAM))
                0x0000000000000200                _Min_Heap_Size = 0x200
                0x0000000000000400                _Min_Stack_Size = 0x400

.isr_vector     0x0000000008000000      0x10c
                0x0000000008000000                . = ALIGN (0x4)
 *(.isr_vector)
 .isr_vector    0x0000000008000000      0x10c ./Core/Startup/startup_stm32f103c8tx.o
                0x0000000008000000                g_pfnVectors
                0x000000000800010c                . = ALIGN (0x4)

.text           0x0000000008000110     0x3988
                0x0000000008000110                . = ALIGN (0x4)
 *(.text)
 .text          0x0000000008000110       0x40 d:/stm32cubeide/stm32cubeide_1.7.0/stm32cubeide/plugins/com.st.stm32cube.ide.mcu.externaltools.gnu-tools-for-stm32.9-2020-q2-update.win32_2.0.0.202105311346/tools/bin/../lib/gcc/arm-none-eabi/9.3.1/thumb/v7-m/nofp/crtbegin.o
 *(.text*)
 .text.vApplicationGetIdleTaskMemory
                0x0000000008000150       0x30 ./Core/Src/freertos.o
                0x0000000008000150                vApplicationGetIdleTaskMemory
 .text.main     0x0000000008000180       0xa0 ./Core/Src/main.o
                0x0000000008000180                main
 .text.SystemClock_Config
                0x0000000008000220       0x8a ./Core/Src/main.o
                0x0000000008000220                SystemClock_Config
 *fill*         0x00000000080002aa        0x2 
 .text.MX_GPIO_Init
                0x00000000080002ac       0x44 ./Core/Src/main.o
 .text.Task1Func
                0x00000000080002f0       0x1c ./Core/Src/main.o
                0x00000000080002f0                Task1Func
 .text.StartDefaultTask
                0x000000000800030c       0x10 ./Core/Src/main.o
                0x000000000800030c                StartDefaultTask
 .text.HAL_TIM_PeriodElapsedCallback
                0x000000000800031c       0x24 ./Core/Src/main.o
                0x000000000800031c                HAL_TIM_PeriodElapsedCallback
 .text.Error_Handler
                0x0000000008000340        0xa ./Core/Src/main.o
                0x0000000008000340                Error_Handler
 *fill*         0x000000000800034a        0x2 
 .text.HAL_MspInit
                0x000000000800034c       0x70 ./Core/Src/stm32f1xx_hal_msp.o
                0x000000000800034c                HAL_MspInit
 .text.HAL_InitTick
                0x00000000080003bc       0xb0 ./Core/Src/stm32f1xx_hal_timebase_tim.o
                0x00000000080003bc                HAL_InitTick
 .text.NMI_Handler
                0x000000000800046c        0x6 ./Core/Src/stm32f1xx_it.o
                0x000000000800046c                NMI_Handler
 .text.HardFault_Handler
                0x0000000008000472        0x6 ./Core/Src/stm32f1xx_it.o
                0x0000000008000472                HardFault_Handler
 .text.MemManage_Handler
                0x0000000008000478        0x6 ./Core/Src/stm32f1xx_it.o
                0x0000000008000478                MemManage_Handler
 .text.BusFault_Handler
                0x000000000800047e        0x6 ./Core/Src/stm32f1xx_it.o
                0x000000000800047e                BusFault_Handler
 .text.UsageFault_Handler
                0x0000000008000484        0x6 ./Core/Src/stm32f1xx_it.o
                0x0000000008000484                UsageFault_Handler
 .text.DebugMon_Handler
                0x000000000800048a        0xc ./Core/Src/stm32f1xx_it.o
                0x000000000800048a                DebugMon_Handler
 *fill*         0x0000000008000496        0x2 
 .text.TIM4_IRQHandler
                0x0000000008000498       0x14 ./Core/Src/stm32f1xx_it.o
                0x0000000008000498                TIM4_IRQHandler
 .text.SystemInit
                0x00000000080004ac        0xc ./Core/Src/system_stm32f1xx.o
                0x00000000080004ac                SystemInit
 .text.Reset_Handler
                0x00000000080004b8       0x48 ./Core/Startup/startup_stm32f103c8tx.o
                0x00000000080004b8                Reset_Handler
 .text.Default_Handler
                0x0000000008000500        0x2 ./Core/Startup/startup_stm32f103c8tx.o
                0x0000000008000500                RTC_Alarm_IRQHandler
                0x0000000008000500                EXTI2_IRQHandler
                0x0000000008000500                TIM1_CC_IRQHandler
                0x0000000008000500                PVD_IRQHandler
                0x0000000008000500                EXTI3_IRQHandler
                0x0000000008000500                EXTI0_IRQHandler
                0x0000000008000500                I2C2_EV_IRQHandler
                0x0000000008000500                ADC1_2_IRQHandler
                0x0000000008000500                SPI1_IRQHandler
                0x0000000008000500                TAMPER_IRQHandler
                0x0000000008000500                DMA1_Channel4_IRQHandler
                0x0000000008000500                USART3_IRQHandler
                0x0000000008000500                RTC_IRQHandler
                0x0000000008000500                DMA1_Channel7_IRQHandler
                0x0000000008000500                CAN1_RX1_IRQHandler
                0x0000000008000500                I2C1_EV_IRQHandler
                0x0000000008000500                DMA1_Channel6_IRQHandler
                0x0000000008000500                TIM3_IRQHandler
                0x0000000008000500                RCC_IRQHandler
                0x0000000008000500                TIM1_TRG_COM_IRQHandler
                0x0000000008000500                DMA1_Channel1_IRQHandler
                0x0000000008000500                Default_Handler
                0x0000000008000500                EXTI15_10_IRQHandler
                0x0000000008000500                EXTI9_5_IRQHandler
                0x0000000008000500                SPI2_IRQHandler
                0x0000000008000500                DMA1_Channel5_IRQHandler
                0x0000000008000500                EXTI4_IRQHandler
                0x0000000008000500                USB_LP_CAN1_RX0_IRQHandler
                0x0000000008000500                USB_HP_CAN1_TX_IRQHandler
                0x0000000008000500                DMA1_Channel3_IRQHandler
                0x0000000008000500                TIM1_UP_IRQHandler
                0x0000000008000500                WWDG_IRQHandler
                0x0000000008000500                TIM2_IRQHandler
                0x0000000008000500                TIM1_BRK_IRQHandler
                0x0000000008000500                EXTI1_IRQHandler
                0x0000000008000500                USART2_IRQHandler
                0x0000000008000500                I2C2_ER_IRQHandler
                0x0000000008000500                DMA1_Channel2_IRQHandler
                0x0000000008000500                CAN1_SCE_IRQHandler
                0x0000000008000500                FLASH_IRQHandler
                0x0000000008000500                USART1_IRQHandler
                0x0000000008000500                I2C1_ER_IRQHandler
                0x0000000008000500                USBWakeUp_IRQHandler
 *fill*         0x0000000008000502        0x2 
 .text.HAL_Init
                0x0000000008000504       0x2c ./Drivers/STM32F1xx_HAL_Driver/Src/stm32f1xx_hal.o
                0x0000000008000504                HAL_Init
 .text.HAL_IncTick
                0x0000000008000530       0x24 ./Drivers/STM32F1xx_HAL_Driver/Src/stm32f1xx_hal.o
                0x0000000008000530                HAL_IncTick
 .text.HAL_GetTick
                0x0000000008000554       0x14 ./Drivers/STM32F1xx_HAL_Driver/Src/stm32f1xx_hal.o
                0x0000000008000554                HAL_GetTick
 .text.__NVIC_SetPriorityGrouping
                0x0000000008000568       0x48 ./Drivers/STM32F1xx_HAL_Driver/Src/stm32f1xx_hal_cortex.o
 .text.__NVIC_GetPriorityGrouping
                0x00000000080005b0       0x1c ./Drivers/STM32F1xx_HAL_Driver/Src/stm32f1xx_hal_cortex.o
 .text.__NVIC_EnableIRQ
                0x00000000080005cc       0x38 ./Drivers/STM32F1xx_HAL_Driver/Src/stm32f1xx_hal_cortex.o
 .text.__NVIC_SetPriority
                0x0000000008000604       0x54 ./Drivers/STM32F1xx_HAL_Driver/Src/stm32f1xx_hal_cortex.o
 .text.NVIC_EncodePriority
                0x0000000008000658       0x64 ./Drivers/STM32F1xx_HAL_Driver/Src/stm32f1xx_hal_cortex.o
 .text.HAL_NVIC_SetPriorityGrouping
                0x00000000080006bc       0x16 ./Drivers/STM32F1xx_HAL_Driver/Src/stm32f1xx_hal_cortex.o
                0x00000000080006bc                HAL_NVIC_SetPriorityGrouping
 .text.HAL_NVIC_SetPriority
                0x00000000080006d2       0x38 ./Drivers/STM32F1xx_HAL_Driver/Src/stm32f1xx_hal_cortex.o
                0x00000000080006d2                HAL_NVIC_SetPriority
 .text.HAL_NVIC_EnableIRQ
                0x000000000800070a       0x1c ./Drivers/STM32F1xx_HAL_Driver/Src/stm32f1xx_hal_cortex.o
                0x000000000800070a                HAL_NVIC_EnableIRQ
 *fill*         0x0000000008000726        0x2 
 .text.HAL_RCC_OscConfig
                0x0000000008000728      0x500 ./Drivers/STM32F1xx_HAL_Driver/Src/stm32f1xx_hal_rcc.o
                0x0000000008000728                HAL_RCC_OscConfig
 .text.HAL_RCC_ClockConfig
                0x0000000008000c28      0x1d4 ./Drivers/STM32F1xx_HAL_Driver/Src/stm32f1xx_hal_rcc.o
                0x0000000008000c28                HAL_RCC_ClockConfig
 .text.HAL_RCC_GetSysClockFreq
                0x0000000008000dfc       0xc0 ./Drivers/STM32F1xx_HAL_Driver/Src/stm32f1xx_hal_rcc.o
                0x0000000008000dfc                HAL_RCC_GetSysClockFreq
 .text.HAL_RCC_GetHCLKFreq
                0x0000000008000ebc       0x14 ./Drivers/STM32F1xx_HAL_Driver/Src/stm32f1xx_hal_rcc.o
                0x0000000008000ebc                HAL_RCC_GetHCLKFreq
 .text.HAL_RCC_GetPCLK1Freq
                0x0000000008000ed0       0x28 ./Drivers/STM32F1xx_HAL_Driver/Src/stm32f1xx_hal_rcc.o
                0x0000000008000ed0                HAL_RCC_GetPCLK1Freq
 .text.HAL_RCC_GetClockConfig
                0x0000000008000ef8       0x60 ./Drivers/STM32F1xx_HAL_Driver/Src/stm32f1xx_hal_rcc.o
                0x0000000008000ef8                HAL_RCC_GetClockConfig
 .text.RCC_Delay
                0x0000000008000f58       0x3c ./Drivers/STM32F1xx_HAL_Driver/Src/stm32f1xx_hal_rcc.o
 .text.HAL_TIM_Base_Init
                0x0000000008000f94       0x9e ./Drivers/STM32F1xx_HAL_Driver/Src/stm32f1xx_hal_tim.o
                0x0000000008000f94                HAL_TIM_Base_Init
 .text.HAL_TIM_Base_MspInit
                0x0000000008001032       0x12 ./Drivers/STM32F1xx_HAL_Driver/Src/stm32f1xx_hal_tim.o
                0x0000000008001032                HAL_TIM_Base_MspInit
 .text.HAL_TIM_Base_Start_IT
                0x0000000008001044       0xa4 ./Drivers/STM32F1xx_HAL_Driver/Src/stm32f1xx_hal_tim.o
                0x0000000008001044                HAL_TIM_Base_Start_IT
 .text.HAL_TIM_IRQHandler
                0x00000000080010e8      0x210 ./Drivers/STM32F1xx_HAL_Driver/Src/stm32f1xx_hal_tim.o
                0x00000000080010e8                HAL_TIM_IRQHandler
 .text.HAL_TIM_OC_DelayElapsedCallback
                0x00000000080012f8       0x12 ./Drivers/STM32F1xx_HAL_Driver/Src/stm32f1xx_hal_tim.o
                0x00000000080012f8                HAL_TIM_OC_DelayElapsedCallback
 .text.HAL_TIM_IC_CaptureCallback
                0x000000000800130a       0x12 ./Drivers/STM32F1xx_HAL_Driver/Src/stm32f1xx_hal_tim.o
                0x000000000800130a                HAL_TIM_IC_CaptureCallback
 .text.HAL_TIM_PWM_PulseFinishedCallback
                0x000000000800131c       0x12 ./Drivers/STM32F1xx_HAL_Driver/Src/stm32f1xx_hal_tim.o
                0x000000000800131c                HAL_TIM_PWM_PulseFinishedCallback
 .text.HAL_TIM_TriggerCallback
                0x000000000800132e       0x12 ./Drivers/STM32F1xx_HAL_Driver/Src/stm32f1xx_hal_tim.o
                0x000000000800132e                HAL_TIM_TriggerCallback
 .text.TIM_Base_SetConfig
                0x0000000008001340       0xc4 ./Drivers/STM32F1xx_HAL_Driver/Src/stm32f1xx_hal_tim.o
                0x0000000008001340                TIM_Base_SetConfig
 .text.HAL_TIMEx_CommutCallback
                0x0000000008001404       0x12 ./Drivers/STM32F1xx_HAL_Driver/Src/stm32f1xx_hal_tim_ex.o
                0x0000000008001404                HAL_TIMEx_CommutCallback
 .text.HAL_TIMEx_BreakCallback
                0x0000000008001416       0x12 ./Drivers/STM32F1xx_HAL_Driver/Src/stm32f1xx_hal_tim_ex.o
                0x0000000008001416                HAL_TIMEx_BreakCallback
 .text.makeFreeRtosPriority
                0x0000000008001428       0x2e ./Middlewares/Third_Party/FreeRTOS/Source/CMSIS_RTOS/cmsis_os.o
 .text.inHandlerMode
                0x0000000008001456       0x22 ./Middlewares/Third_Party/FreeRTOS/Source/CMSIS_RTOS/cmsis_os.o
 .text.osKernelStart
                0x0000000008001478        0xe ./Middlewares/Third_Party/FreeRTOS/Source/CMSIS_RTOS/cmsis_os.o
                0x0000000008001478                osKernelStart
 .text.osThreadCreate
                0x0000000008001486       0x98 ./Middlewares/Third_Party/FreeRTOS/Source/CMSIS_RTOS/cmsis_os.o
                0x0000000008001486                osThreadCreate
 .text.osDelay  0x000000000800151e       0x28 ./Middlewares/Third_Party/FreeRTOS/Source/CMSIS_RTOS/cmsis_os.o
                0x000000000800151e                osDelay
 .text.osSemaphoreCreate
                0x0000000008001546       0x7e ./Middlewares/Third_Party/FreeRTOS/Source/CMSIS_RTOS/cmsis_os.o
                0x0000000008001546                osSemaphoreCreate
 .text.osSemaphoreWait
                0x00000000080015c4       0x9c ./Middlewares/Third_Party/FreeRTOS/Source/CMSIS_RTOS/cmsis_os.o
                0x00000000080015c4                osSemaphoreWait
 .text.vListInitialise
                0x0000000008001660       0x3e ./Middlewares/Third_Party/FreeRTOS/Source/list.o
                0x0000000008001660                vListInitialise
 .text.vListInitialiseItem
                0x000000000800169e       0x18 ./Middlewares/Third_Party/FreeRTOS/Source/list.o
                0x000000000800169e                vListInitialiseItem
 .text.vListInsertEnd
                0x00000000080016b6       0x46 ./Middlewares/Third_Party/FreeRTOS/Source/list.o
                0x00000000080016b6                vListInsertEnd
 .text.vListInsert
                0x00000000080016fc       0x70 ./Middlewares/Third_Party/FreeRTOS/Source/list.o
                0x00000000080016fc                vListInsert
 .text.uxListRemove
                0x000000000800176c       0x52 ./Middlewares/Third_Party/FreeRTOS/Source/list.o
                0x000000000800176c                uxListRemove
 *fill*         0x00000000080017be        0x2 
 .text.xQueueGenericReset
                0x00000000080017c0       0xd0 ./Middlewares/Third_Party/FreeRTOS/Source/queue.o
                0x00000000080017c0                xQueueGenericReset
 .text.xQueueGenericCreateStatic
                0x0000000008001890       0xee ./Middlewares/Third_Party/FreeRTOS/Source/queue.o
                0x0000000008001890                xQueueGenericCreateStatic
 .text.xQueueGenericCreate
                0x000000000800197e       0x7c ./Middlewares/Third_Party/FreeRTOS/Source/queue.o
                0x000000000800197e                xQueueGenericCreate
 .text.prvInitialiseNewQueue
                0x00000000080019fa       0x3e ./Middlewares/Third_Party/FreeRTOS/Source/queue.o
 .text.xQueueCreateCountingSemaphoreStatic
                0x0000000008001a38       0x6e ./Middlewares/Third_Party/FreeRTOS/Source/queue.o
                0x0000000008001a38                xQueueCreateCountingSemaphoreStatic
 .text.xQueueCreateCountingSemaphore
                0x0000000008001aa6       0x66 ./Middlewares/Third_Party/FreeRTOS/Source/queue.o
                0x0000000008001aa6                xQueueCreateCountingSemaphore
 .text.xQueueGenericSend
                0x0000000008001b0c      0x1fc ./Middlewares/Third_Party/FreeRTOS/Source/queue.o
                0x0000000008001b0c                xQueueGenericSend
 .text.xQueueSemaphoreTake
                0x0000000008001d08      0x218 ./Middlewares/Third_Party/FreeRTOS/Source/queue.o
                0x0000000008001d08                xQueueSemaphoreTake
 .text.xQueueReceiveFromISR
                0x0000000008001f20      0x100 ./Middlewares/Third_Party/FreeRTOS/Source/queue.o
                0x0000000008001f20                xQueueReceiveFromISR
 .text.prvGetDisinheritPriorityAfterTimeout
                0x0000000008002020       0x2e ./Middlewares/Third_Party/FreeRTOS/Source/queue.o
 .text.prvCopyDataToQueue
                0x000000000800204e       0xd4 ./Middlewares/Third_Party/FreeRTOS/Source/queue.o
 .text.prvCopyDataFromQueue
                0x0000000008002122       0x4c ./Middlewares/Third_Party/FreeRTOS/Source/queue.o
 .text.prvUnlockQueue
                0x000000000800216e       0xa4 ./Middlewares/Third_Party/FreeRTOS/Source/queue.o
 .text.prvIsQueueEmpty
                0x0000000008002212       0x2c ./Middlewares/Third_Party/FreeRTOS/Source/queue.o
 .text.prvIsQueueFull
                0x000000000800223e       0x30 ./Middlewares/Third_Party/FreeRTOS/Source/queue.o
 .text.xTaskCreateStatic
                0x000000000800226e       0xb8 ./Middlewares/Third_Party/FreeRTOS/Source/tasks.o
                0x000000000800226e                xTaskCreateStatic
 .text.xTaskCreate
                0x0000000008002326       0x8a ./Middlewares/Third_Party/FreeRTOS/Source/tasks.o
                0x0000000008002326                xTaskCreate
 .text.prvInitialiseNewTask
                0x00000000080023b0       0xfe ./Middlewares/Third_Party/FreeRTOS/Source/tasks.o
 *fill*         0x00000000080024ae        0x2 
 .text.prvAddNewTaskToReadyList
                0x00000000080024b0       0xd4 ./Middlewares/Third_Party/FreeRTOS/Source/tasks.o
 .text.vTaskDelay
                0x0000000008002584       0x68 ./Middlewares/Third_Party/FreeRTOS/Source/tasks.o
                0x0000000008002584                vTaskDelay
 .text.vTaskStartScheduler
                0x00000000080025ec       0xc0 ./Middlewares/Third_Party/FreeRTOS/Source/tasks.o
                0x00000000080025ec                vTaskStartScheduler
 .text.vTaskSuspendAll
                0x00000000080026ac       0x1c ./Middlewares/Third_Party/FreeRTOS/Source/tasks.o
                0x00000000080026ac                vTaskSuspendAll
 .text.xTaskResumeAll
                0x00000000080026c8      0x138 ./Middlewares/Third_Party/FreeRTOS/Source/tasks.o
                0x00000000080026c8                xTaskResumeAll
 .text.xTaskIncrementTick
                0x0000000008002800      0x17c ./Middlewares/Third_Party/FreeRTOS/Source/tasks.o
                0x0000000008002800                xTaskIncrementTick
 .text.vTaskSwitchContext
                0x000000000800297c       0xb4 ./Middlewares/Third_Party/FreeRTOS/Source/tasks.o
                0x000000000800297c                vTaskSwitchContext
 .text.vTaskPlaceOnEventList
                0x0000000008002a30       0x48 ./Middlewares/Third_Party/FreeRTOS/Source/tasks.o
                0x0000000008002a30                vTaskPlaceOnEventList
 .text.xTaskRemoveFromEventList
                0x0000000008002a78       0xc4 ./Middlewares/Third_Party/FreeRTOS/Source/tasks.o
                0x0000000008002a78                xTaskRemoveFromEventList
 .text.vTaskInternalSetTimeOutState
                0x0000000008002b3c       0x2c ./Middlewares/Third_Party/FreeRTOS/Source/tasks.o
                0x0000000008002b3c                vTaskInternalSetTimeOutState
 .text.xTaskCheckForTimeOut
                0x0000000008002b68       0xc4 ./Middlewares/Third_Party/FreeRTOS/Source/tasks.o
                0x0000000008002b68                xTaskCheckForTimeOut
 .text.vTaskMissedYield
                0x0000000008002c2c       0x18 ./Middlewares/Third_Party/FreeRTOS/Source/tasks.o
                0x0000000008002c2c                vTaskMissedYield
 .text.prvIdleTask
                0x0000000008002c44       0x30 ./Middlewares/Third_Party/FreeRTOS/Source/tasks.o
 .text.prvInitialiseTaskLists
                0x0000000008002c74       0x80 ./Middlewares/Third_Party/FreeRTOS/Source/tasks.o
 .text.prvCheckTasksWaitingTermination
                0x0000000008002cf4       0x5c ./Middlewares/Third_Party/FreeRTOS/Source/tasks.o
 .text.prvDeleteTCB
                0x0000000008002d50       0x5e ./Middlewares/Third_Party/FreeRTOS/Source/tasks.o
 *fill*         0x0000000008002dae        0x2 
 .text.prvResetNextTaskUnblockTime
                0x0000000008002db0       0x48 ./Middlewares/Third_Party/FreeRTOS/Source/tasks.o
 .text.xTaskGetSchedulerState
                0x0000000008002df8       0x3c ./Middlewares/Third_Party/FreeRTOS/Source/tasks.o
                0x0000000008002df8                xTaskGetSchedulerState
 .text.xTaskPriorityInherit
                0x0000000008002e34      0x10c ./Middlewares/Third_Party/FreeRTOS/Source/tasks.o
                0x0000000008002e34                xTaskPriorityInherit
 .text.xTaskPriorityDisinherit
                0x0000000008002f40      0x10c ./Middlewares/Third_Party/FreeRTOS/Source/tasks.o
                0x0000000008002f40                xTaskPriorityDisinherit
 .text.vTaskPriorityDisinheritAfterTimeout
                0x000000000800304c      0x140 ./Middlewares/Third_Party/FreeRTOS/Source/tasks.o
                0x000000000800304c                vTaskPriorityDisinheritAfterTimeout
 .text.pvTaskIncrementMutexHeldCount
                0x000000000800318c       0x28 ./Middlewares/Third_Party/FreeRTOS/Source/tasks.o
                0x000000000800318c                pvTaskIncrementMutexHeldCount
 .text.prvAddCurrentTaskToDelayedList
                0x00000000080031b4       0xcc ./Middlewares/Third_Party/FreeRTOS/Source/tasks.o
 .text.pxPortInitialiseStack
                0x0000000008003280       0x58 ./Middlewares/Third_Party/FreeRTOS/Source/portable/GCC/ARM_CM3/port.o
                0x0000000008003280                pxPortInitialiseStack
 .text.prvTaskExitError
                0x00000000080032d8       0x58 ./Middlewares/Third_Party/FreeRTOS/Source/portable/GCC/ARM_CM3/port.o
 .text.SVC_Handler
                0x0000000008003330       0x28 ./Middlewares/Third_Party/FreeRTOS/Source/portable/GCC/ARM_CM3/port.o
                0x0000000008003330                SVC_Handler
 .text.prvPortStartFirstTask
                0x0000000008003358       0x20 ./Middlewares/Third_Party/FreeRTOS/Source/portable/GCC/ARM_CM3/port.o
 .text.xPortStartScheduler
                0x0000000008003378       0xe4 ./Middlewares/Third_Party/FreeRTOS/Source/portable/GCC/ARM_CM3/port.o
                0x0000000008003378                xPortStartScheduler
 .text.vPortEnterCritical
                0x000000000800345c       0x60 ./Middlewares/Third_Party/FreeRTOS/Source/portable/GCC/ARM_CM3/port.o
                0x000000000800345c                vPortEnterCritical
 .text.vPortExitCritical
                0x00000000080034bc       0x50 ./Middlewares/Third_Party/FreeRTOS/Source/portable/GCC/ARM_CM3/port.o
                0x00000000080034bc                vPortExitCritical
 *fill*         0x000000000800350c        0x4 
 .text.PendSV_Handler
                0x0000000008003510       0x48 ./Middlewares/Third_Party/FreeRTOS/Source/portable/GCC/ARM_CM3/port.o
                0x0000000008003510                PendSV_Handler
 .text.SysTick_Handler
                0x0000000008003558       0x44 ./Middlewares/Third_Party/FreeRTOS/Source/portable/GCC/ARM_CM3/port.o
                0x0000000008003558                SysTick_Handler
 .text.vPortSetupTimerInterrupt
                0x000000000800359c       0x44 ./Middlewares/Third_Party/FreeRTOS/Source/portable/GCC/ARM_CM3/port.o
                0x000000000800359c                vPortSetupTimerInterrupt
 .text.vPortValidateInterruptPriority
                0x00000000080035e0       0x7c ./Middlewares/Third_Party/FreeRTOS/Source/portable/GCC/ARM_CM3/port.o
                0x00000000080035e0                vPortValidateInterruptPriority
 .text.pvPortMalloc
                0x000000000800365c      0x188 ./Middlewares/Third_Party/FreeRTOS/Source/portable/MemMang/heap_4.o
                0x000000000800365c                pvPortMalloc
 .text.vPortFree
                0x00000000080037e4       0xb4 ./Middlewares/Third_Party/FreeRTOS/Source/portable/MemMang/heap_4.o
                0x00000000080037e4                vPortFree
 .text.prvHeapInit
                0x0000000008003898       0xc4 ./Middlewares/Third_Party/FreeRTOS/Source/portable/MemMang/heap_4.o
 .text.prvInsertBlockIntoFreeList
                0x000000000800395c       0xb0 ./Middlewares/Third_Party/FreeRTOS/Source/portable/MemMang/heap_4.o
 .text.__libc_init_array
                0x0000000008003a0c       0x48 d:/stm32cubeide/stm32cubeide_1.7.0/stm32cubeide/plugins/com.st.stm32cube.ide.mcu.externaltools.gnu-tools-for-stm32.9-2020-q2-update.win32_2.0.0.202105311346/tools/bin/../lib/gcc/arm-none-eabi/9.3.1/../../../../arm-none-eabi/lib/thumb/v7-m/nofp\libc_nano.a(lib_a-init.o)
                0x0000000008003a0c                __libc_init_array
 .text.memcpy   0x0000000008003a54       0x1c d:/stm32cubeide/stm32cubeide_1.7.0/stm32cubeide/plugins/com.st.stm32cube.ide.mcu.externaltools.gnu-tools-for-stm32.9-2020-q2-update.win32_2.0.0.202105311346/tools/bin/../lib/gcc/arm-none-eabi/9.3.1/../../../../arm-none-eabi/lib/thumb/v7-m/nofp\libc_nano.a(lib_a-memcpy-stub.o)
                0x0000000008003a54                memcpy
 .text.memset   0x0000000008003a70       0x10 d:/stm32cubeide/stm32cubeide_1.7.0/stm32cubeide/plugins/com.st.stm32cube.ide.mcu.externaltools.gnu-tools-for-stm32.9-2020-q2-update.win32_2.0.0.202105311346/tools/bin/../lib/gcc/arm-none-eabi/9.3.1/../../../../arm-none-eabi/lib/thumb/v7-m/nofp\libc_nano.a(lib_a-memset.o)
                0x0000000008003a70                memset
 *(.glue_7)
 .glue_7        0x0000000008003a80        0x0 linker stubs
 *(.glue_7t)
 .glue_7t       0x0000000008003a80        0x0 linker stubs
 *(.eh_frame)
 .eh_frame      0x0000000008003a80        0x0 d:/stm32cubeide/stm32cubeide_1.7.0/stm32cubeide/plugins/com.st.stm32cube.ide.mcu.externaltools.gnu-tools-for-stm32.9-2020-q2-update.win32_2.0.0.202105311346/tools/bin/../lib/gcc/arm-none-eabi/9.3.1/thumb/v7-m/nofp/crtbegin.o
 *(.init)
 .init          0x0000000008003a80        0x4 d:/stm32cubeide/stm32cubeide_1.7.0/stm32cubeide/plugins/com.st.stm32cube.ide.mcu.externaltools.gnu-tools-for-stm32.9-2020-q2-update.win32_2.0.0.202105311346/tools/bin/../lib/gcc/arm-none-eabi/9.3.1/thumb/v7-m/nofp/crti.o
                0x0000000008003a80                _init
 .init          0x0000000008003a84        0x8 d:/stm32cubeide/stm32cubeide_1.7.0/stm32cubeide/plugins/com.st.stm32cube.ide.mcu.externaltools.gnu-tools-for-stm32.9-2020-q2-update.win32_2.0.0.202105311346/tools/bin/../lib/gcc/arm-none-eabi/9.3.1/thumb/v7-m/nofp/crtn.o
 *(.fini)
 .fini          0x0000000008003a8c        0x4 d:/stm32cubeide/stm32cubeide_1.7.0/stm32cubeide/plugins/com.st.stm32cube.ide.mcu.externaltools.gnu-tools-for-stm32.9-2020-q2-update.win32_2.0.0.202105311346/tools/bin/../lib/gcc/arm-none-eabi/9.3.1/thumb/v7-m/nofp/crti.o
                0x0000000008003a8c                _fini
 .fini          0x0000000008003a90        0x8 d:/stm32cubeide/stm32cubeide_1.7.0/stm32cubeide/plugins/com.st.stm32cube.ide.mcu.externaltools.gnu-tools-for-stm32.9-2020-q2-update.win32_2.0.0.202105311346/tools/bin/../lib/gcc/arm-none-eabi/9.3.1/thumb/v7-m/nofp/crtn.o
                0x0000000008003a98                . = ALIGN (0x4)
                0x0000000008003a98                _etext = .

.vfp11_veneer   0x0000000008003a98        0x0
 .vfp11_veneer  0x0000000008003a98        0x0 linker stubs

.v4_bx          0x0000000008003a98        0x0
 .v4_bx         0x0000000008003a98        0x0 linker stubs

.iplt           0x0000000008003a98        0x0
 .iplt          0x0000000008003a98        0x0 d:/stm32cubeide/stm32cubeide_1.7.0/stm32cubeide/plugins/com.st.stm32cube.ide.mcu.externaltools.gnu-tools-for-stm32.9-2020-q2-update.win32_2.0.0.202105311346/tools/bin/../lib/gcc/arm-none-eabi/9.3.1/thumb/v7-m/nofp/crtbegin.o

.rodata         0x0000000008003a98       0x60
                0x0000000008003a98                . = ALIGN (0x4)
 *(.rodata)
 .rodata        0x0000000008003a98       0x30 ./Core/Src/main.o
 .rodata        0x0000000008003ac8       0x10 ./Drivers/STM32F1xx_HAL_Driver/Src/stm32f1xx_hal_rcc.o
 .rodata        0x0000000008003ad8        0x5 ./Middlewares/Third_Party/FreeRTOS/Source/tasks.o
 *(.rodata*)
 *fill*         0x0000000008003add        0x3 
 .rodata.AHBPrescTable
                0x0000000008003ae0       0x10 ./Core/Src/system_stm32f1xx.o
                0x0000000008003ae0                AHBPrescTable
 .rodata.APBPrescTable
                0x0000000008003af0        0x8 ./Core/Src/system_stm32f1xx.o
                0x0000000008003af0                APBPrescTable
                0x0000000008003af8                . = ALIGN (0x4)

.rel.dyn        0x0000000008003af8        0x0
 .rel.iplt      0x0000000008003af8        0x0 d:/stm32cubeide/stm32cubeide_1.7.0/stm32cubeide/plugins/com.st.stm32cube.ide.mcu.externaltools.gnu-tools-for-stm32.9-2020-q2-update.win32_2.0.0.202105311346/tools/bin/../lib/gcc/arm-none-eabi/9.3.1/thumb/v7-m/nofp/crtbegin.o

.ARM.extab      0x0000000008003af8        0x0
                0x0000000008003af8                . = ALIGN (0x4)
 *(.ARM.extab* .gnu.linkonce.armextab.*)
                0x0000000008003af8                . = ALIGN (0x4)

.ARM            0x0000000008003af8        0x0
                0x0000000008003af8                . = ALIGN (0x4)
                0x0000000008003af8                __exidx_start = .
 *(.ARM.exidx*)
                0x0000000008003af8                __exidx_end = .
                0x0000000008003af8                . = ALIGN (0x4)

.preinit_array  0x0000000008003af8        0x0
                0x0000000008003af8                . = ALIGN (0x4)
                0x0000000008003af8                PROVIDE (__preinit_array_start = .)
 *(.preinit_array*)
                0x0000000008003af8                PROVIDE (__preinit_array_end = .)
                0x0000000008003af8                . = ALIGN (0x4)

.init_array     0x0000000008003af8        0x4
                0x0000000008003af8                . = ALIGN (0x4)
                0x0000000008003af8                PROVIDE (__init_array_start = .)
 *(SORT_BY_NAME(.init_array.*))
 *(.init_array*)
 .init_array    0x0000000008003af8        0x4 d:/stm32cubeide/stm32cubeide_1.7.0/stm32cubeide/plugins/com.st.stm32cube.ide.mcu.externaltools.gnu-tools-for-stm32.9-2020-q2-update.win32_2.0.0.202105311346/tools/bin/../lib/gcc/arm-none-eabi/9.3.1/thumb/v7-m/nofp/crtbegin.o
                0x0000000008003afc                PROVIDE (__init_array_end = .)
                0x0000000008003afc                . = ALIGN (0x4)

.fini_array     0x0000000008003afc        0x4
                0x0000000008003afc                . = ALIGN (0x4)
                [!provide]                        PROVIDE (__fini_array_start = .)
 *(SORT_BY_NAME(.fini_array.*))
 *(.fini_array*)
 .fini_array    0x0000000008003afc        0x4 d:/stm32cubeide/stm32cubeide_1.7.0/stm32cubeide/plugins/com.st.stm32cube.ide.mcu.externaltools.gnu-tools-for-stm32.9-2020-q2-update.win32_2.0.0.202105311346/tools/bin/../lib/gcc/arm-none-eabi/9.3.1/thumb/v7-m/nofp/crtbegin.o
                [!provide]                        PROVIDE (__fini_array_end = .)
                0x0000000008003b00                . = ALIGN (0x4)
                0x0000000008003b00                _sidata = LOADADDR (.data)

.data           0x0000000020000000       0x10 load address 0x0000000008003b00
                0x0000000020000000                . = ALIGN (0x4)
                0x0000000020000000                _sdata = .
 *(.data)
 *(.data*)
 .data.SystemCoreClock
                0x0000000020000000        0x4 ./Core/Src/system_stm32f1xx.o
                0x0000000020000000                SystemCoreClock
 .data.uwTickPrio
                0x0000000020000004        0x4 ./Drivers/STM32F1xx_HAL_Driver/Src/stm32f1xx_hal.o
                0x0000000020000004                uwTickPrio
 .data.uwTickFreq
                0x0000000020000008        0x1 ./Drivers/STM32F1xx_HAL_Driver/Src/stm32f1xx_hal.o
                0x0000000020000008                uwTickFreq
 *fill*         0x0000000020000009        0x3 
 .data.uxCriticalNesting
                0x000000002000000c        0x4 ./Middlewares/Third_Party/FreeRTOS/Source/portable/GCC/ARM_CM3/port.o
 *(.RamFunc)
 *(.RamFunc*)
                0x0000000020000010                . = ALIGN (0x4)
                0x0000000020000010                _edata = .

.igot.plt       0x0000000020000010        0x0 load address 0x0000000008003b10
 .igot.plt      0x0000000020000010        0x0 d:/stm32cubeide/stm32cubeide_1.7.0/stm32cubeide/plugins/com.st.stm32cube.ide.mcu.externaltools.gnu-tools-for-stm32.9-2020-q2-update.win32_2.0.0.202105311346/tools/bin/../lib/gcc/arm-none-eabi/9.3.1/thumb/v7-m/nofp/crtbegin.o
                0x0000000020000010                . = ALIGN (0x4)

.bss            0x0000000020000010     0x1018 load address 0x0000000008003b10
                0x0000000020000010                _sbss = .
                0x0000000020000010                __bss_start__ = _sbss
 *(.bss)
 .bss           0x0000000020000010       0x1c d:/stm32cubeide/stm32cubeide_1.7.0/stm32cubeide/plugins/com.st.stm32cube.ide.mcu.externaltools.gnu-tools-for-stm32.9-2020-q2-update.win32_2.0.0.202105311346/tools/bin/../lib/gcc/arm-none-eabi/9.3.1/thumb/v7-m/nofp/crtbegin.o
 *(.bss*)
 .bss.xIdleTaskTCBBuffer
                0x000000002000002c       0x54 ./Core/Src/freertos.o
 .bss.xIdleStack
                0x0000000020000080      0x200 ./Core/Src/freertos.o
 .bss.pxCurrentTCB
                0x0000000020000280        0x4 ./Middlewares/Third_Party/FreeRTOS/Source/tasks.o
                0x0000000020000280                pxCurrentTCB
 .bss.pxReadyTasksLists
                0x0000000020000284       0x8c ./Middlewares/Third_Party/FreeRTOS/Source/tasks.o
 .bss.xDelayedTaskList1
                0x0000000020000310       0x14 ./Middlewares/Third_Party/FreeRTOS/Source/tasks.o
 .bss.xDelayedTaskList2
                0x0000000020000324       0x14 ./Middlewares/Third_Party/FreeRTOS/Source/tasks.o
 .bss.pxDelayedTaskList
                0x0000000020000338        0x4 ./Middlewares/Third_Party/FreeRTOS/Source/tasks.o
 .bss.pxOverflowDelayedTaskList
                0x000000002000033c        0x4 ./Middlewares/Third_Party/FreeRTOS/Source/tasks.o
 .bss.xPendingReadyList
                0x0000000020000340       0x14 ./Middlewares/Third_Party/FreeRTOS/Source/tasks.o
 .bss.xTasksWaitingTermination
                0x0000000020000354       0x14 ./Middlewares/Third_Party/FreeRTOS/Source/tasks.o
 .bss.uxDeletedTasksWaitingCleanUp
                0x0000000020000368        0x4 ./Middlewares/Third_Party/FreeRTOS/Source/tasks.o
 .bss.xSuspendedTaskList
                0x000000002000036c       0x14 ./Middlewares/Third_Party/FreeRTOS/Source/tasks.o
 .bss.uxCurrentNumberOfTasks
                0x0000000020000380        0x4 ./Middlewares/Third_Party/FreeRTOS/Source/tasks.o
 .bss.xTickCount
                0x0000000020000384        0x4 ./Middlewares/Third_Party/FreeRTOS/Source/tasks.o
 .bss.uxTopReadyPriority
                0x0000000020000388        0x4 ./Middlewares/Third_Party/FreeRTOS/Source/tasks.o
 .bss.xSchedulerRunning
                0x000000002000038c        0x4 ./Middlewares/Third_Party/FreeRTOS/Source/tasks.o
 .bss.uxPendedTicks
                0x0000000020000390        0x4 ./Middlewares/Third_Party/FreeRTOS/Source/tasks.o
 .bss.xYieldPending
                0x0000000020000394        0x4 ./Middlewares/Third_Party/FreeRTOS/Source/tasks.o
 .bss.xNumOfOverflows
                0x0000000020000398        0x4 ./Middlewares/Third_Party/FreeRTOS/Source/tasks.o
 .bss.uxTaskNumber
                0x000000002000039c        0x4 ./Middlewares/Third_Party/FreeRTOS/Source/tasks.o
 .bss.xNextTaskUnblockTime
                0x00000000200003a0        0x4 ./Middlewares/Third_Party/FreeRTOS/Source/tasks.o
 .bss.xIdleTaskHandle
                0x00000000200003a4        0x4 ./Middlewares/Third_Party/FreeRTOS/Source/tasks.o
 .bss.uxSchedulerSuspended
                0x00000000200003a8        0x4 ./Middlewares/Third_Party/FreeRTOS/Source/tasks.o
 .bss.ucMaxSysCallPriority
                0x00000000200003ac        0x1 ./Middlewares/Third_Party/FreeRTOS/Source/portable/GCC/ARM_CM3/port.o
 *fill*         0x00000000200003ad        0x3 
 .bss.ulMaxPRIGROUPValue
                0x00000000200003b0        0x4 ./Middlewares/Third_Party/FreeRTOS/Source/portable/GCC/ARM_CM3/port.o
 .bss.ucHeap    0x00000000200003b4      0xc00 ./Middlewares/Third_Party/FreeRTOS/Source/portable/MemMang/heap_4.o
 .bss.xStart    0x0000000020000fb4        0x8 ./Middlewares/Third_Party/FreeRTOS/Source/portable/MemMang/heap_4.o
 .bss.pxEnd     0x0000000020000fbc        0x4 ./Middlewares/Third_Party/FreeRTOS/Source/portable/MemMang/heap_4.o
 .bss.xFreeBytesRemaining
                0x0000000020000fc0        0x4 ./Middlewares/Third_Party/FreeRTOS/Source/portable/MemMang/heap_4.o
 .bss.xMinimumEverFreeBytesRemaining
                0x0000000020000fc4        0x4 ./Middlewares/Third_Party/FreeRTOS/Source/portable/MemMang/heap_4.o
 .bss.xBlockAllocatedBit
                0x0000000020000fc8        0x4 ./Middlewares/Third_Party/FreeRTOS/Source/portable/MemMang/heap_4.o
 *(COMMON)
 COMMON         0x0000000020000fcc       0x10 ./Core/Src/main.o
                0x0000000020000fcc                defaultTaskHandle
                0x0000000020000fd0                Task1Handle
                0x0000000020000fd4                myCountingSem01Handle
                0x0000000020000fd8                myBinarySem01Handle
 COMMON         0x0000000020000fdc       0x48 ./Core/Src/stm32f1xx_hal_timebase_tim.o
                0x0000000020000fdc                htim4
 COMMON         0x0000000020001024        0x4 ./Drivers/STM32F1xx_HAL_Driver/Src/stm32f1xx_hal.o
                0x0000000020001024                uwTick
                0x0000000020001028                . = ALIGN (0x4)
                0x0000000020001028                _ebss = .
                0x0000000020001028                __bss_end__ = _ebss

._user_heap_stack
                0x0000000020001028      0x600 load address 0x0000000008003b10
                0x0000000020001028                . = ALIGN (0x8)
                [!provide]                        PROVIDE (end = .)
                0x0000000020001028                PROVIDE (_end = .)
                0x0000000020001228                . = (. + _Min_Heap_Size)
 *fill*         0x0000000020001028      0x200 
                0x0000000020001628                . = (. + _Min_Stack_Size)
 *fill*         0x0000000020001228      0x400 
                0x0000000020001628                . = ALIGN (0x8)

/DISCARD/
 libc.a(*)
 libm.a(*)
 libgcc.a(*)

.ARM.attributes
                0x0000000000000000       0x29
 *(.ARM.attributes)
 .ARM.attributes
                0x0000000000000000       0x1d d:/stm32cubeide/stm32cubeide_1.7.0/stm32cubeide/plugins/com.st.stm32cube.ide.mcu.externaltools.gnu-tools-for-stm32.9-2020-q2-update.win32_2.0.0.202105311346/tools/bin/../lib/gcc/arm-none-eabi/9.3.1/thumb/v7-m/nofp/crti.o
 .ARM.attributes
                0x000000000000001d       0x2d d:/stm32cubeide/stm32cubeide_1.7.0/stm32cubeide/plugins/com.st.stm32cube.ide.mcu.externaltools.gnu-tools-for-stm32.9-2020-q2-update.win32_2.0.0.202105311346/tools/bin/../lib/gcc/arm-none-eabi/9.3.1/thumb/v7-m/nofp/crtbegin.o
 .ARM.attributes
                0x000000000000004a       0x2d ./Core/Src/freertos.o
 .ARM.attributes
                0x0000000000000077       0x2d ./Core/Src/main.o
 .ARM.attributes
                0x00000000000000a4       0x2d ./Core/Src/stm32f1xx_hal_msp.o
 .ARM.attributes
                0x00000000000000d1       0x2d ./Core/Src/stm32f1xx_hal_timebase_tim.o
 .ARM.attributes
                0x00000000000000fe       0x2d ./Core/Src/stm32f1xx_it.o
 .ARM.attributes
                0x000000000000012b       0x2d ./Core/Src/system_stm32f1xx.o
 .ARM.attributes
                0x0000000000000158       0x21 ./Core/Startup/startup_stm32f103c8tx.o
 .ARM.attributes
                0x0000000000000179       0x2d ./Drivers/STM32F1xx_HAL_Driver/Src/stm32f1xx_hal.o
 .ARM.attributes
                0x00000000000001a6       0x2d ./Drivers/STM32F1xx_HAL_Driver/Src/stm32f1xx_hal_cortex.o
 .ARM.attributes
                0x00000000000001d3       0x2d ./Drivers/STM32F1xx_HAL_Driver/Src/stm32f1xx_hal_rcc.o
 .ARM.attributes
                0x0000000000000200       0x2d ./Drivers/STM32F1xx_HAL_Driver/Src/stm32f1xx_hal_tim.o
 .ARM.attributes
                0x000000000000022d       0x2d ./Drivers/STM32F1xx_HAL_Driver/Src/stm32f1xx_hal_tim_ex.o
 .ARM.attributes
                0x000000000000025a       0x2d ./Middlewares/Third_Party/FreeRTOS/Source/CMSIS_RTOS/cmsis_os.o
 .ARM.attributes
                0x0000000000000287       0x2d ./Middlewares/Third_Party/FreeRTOS/Source/list.o
 .ARM.attributes
                0x00000000000002b4       0x2d ./Middlewares/Third_Party/FreeRTOS/Source/queue.o
 .ARM.attributes
                0x00000000000002e1       0x2d ./Middlewares/Third_Party/FreeRTOS/Source/tasks.o
 .ARM.attributes
                0x000000000000030e       0x2d ./Middlewares/Third_Party/FreeRTOS/Source/portable/GCC/ARM_CM3/port.o
 .ARM.attributes
                0x000000000000033b       0x2d ./Middlewares/Third_Party/FreeRTOS/Source/portable/MemMang/heap_4.o
 .ARM.attributes
                0x0000000000000368       0x2d d:/stm32cubeide/stm32cubeide_1.7.0/stm32cubeide/plugins/com.st.stm32cube.ide.mcu.externaltools.gnu-tools-for-stm32.9-2020-q2-update.win32_2.0.0.202105311346/tools/bin/../lib/gcc/arm-none-eabi/9.3.1/../../../../arm-none-eabi/lib/thumb/v7-m/nofp\libc_nano.a(lib_a-init.o)
 .ARM.attributes
                0x0000000000000395       0x2d d:/stm32cubeide/stm32cubeide_1.7.0/stm32cubeide/plugins/com.st.stm32cube.ide.mcu.externaltools.gnu-tools-for-stm32.9-2020-q2-update.win32_2.0.0.202105311346/tools/bin/../lib/gcc/arm-none-eabi/9.3.1/../../../../arm-none-eabi/lib/thumb/v7-m/nofp\libc_nano.a(lib_a-memcpy-stub.o)
 .ARM.attributes
                0x00000000000003c2       0x2d d:/stm32cubeide/stm32cubeide_1.7.0/stm32cubeide/plugins/com.st.stm32cube.ide.mcu.externaltools.gnu-tools-for-stm32.9-2020-q2-update.win32_2.0.0.202105311346/tools/bin/../lib/gcc/arm-none-eabi/9.3.1/../../../../arm-none-eabi/lib/thumb/v7-m/nofp\libc_nano.a(lib_a-memset.o)
 .ARM.attributes
                0x00000000000003ef       0x1d d:/stm32cubeide/stm32cubeide_1.7.0/stm32cubeide/plugins/com.st.stm32cube.ide.mcu.externaltools.gnu-tools-for-stm32.9-2020-q2-update.win32_2.0.0.202105311346/tools/bin/../lib/gcc/arm-none-eabi/9.3.1/thumb/v7-m/nofp/crtn.o
OUTPUT(0004BinarySemaphone_CouningSemaphone.elf elf32-littlearm)
LOAD linker stubs
LOAD d:/stm32cubeide/stm32cubeide_1.7.0/stm32cubeide/plugins/com.st.stm32cube.ide.mcu.externaltools.gnu-tools-for-stm32.9-2020-q2-update.win32_2.0.0.202105311346/tools/bin/../lib/gcc/arm-none-eabi/9.3.1/../../../../arm-none-eabi/lib/thumb/v7-m/nofp\libc.a
LOAD d:/stm32cubeide/stm32cubeide_1.7.0/stm32cubeide/plugins/com.st.stm32cube.ide.mcu.externaltools.gnu-tools-for-stm32.9-2020-q2-update.win32_2.0.0.202105311346/tools/bin/../lib/gcc/arm-none-eabi/9.3.1/../../../../arm-none-eabi/lib/thumb/v7-m/nofp\libm.a
LOAD d:/stm32cubeide/stm32cubeide_1.7.0/stm32cubeide/plugins/com.st.stm32cube.ide.mcu.externaltools.gnu-tools-for-stm32.9-2020-q2-update.win32_2.0.0.202105311346/tools/bin/../lib/gcc/arm-none-eabi/9.3.1/thumb/v7-m/nofp\libgcc.a

.debug_info     0x0000000000000000    0x10fef
 .debug_info    0x0000000000000000      0x36d ./Core/Src/freertos.o
 .debug_info    0x000000000000036d     0x175e ./Core/Src/main.o
 .debug_info    0x0000000000001acb      0x443 ./Core/Src/stm32f1xx_hal_msp.o
 .debug_info    0x0000000000001f0e      0xa19 ./Core/Src/stm32f1xx_hal_timebase_tim.o
 .debug_info    0x0000000000002927      0x77e ./Core/Src/stm32f1xx_it.o
 .debug_info    0x00000000000030a5      0x2be ./Core/Src/system_stm32f1xx.o
 .debug_info    0x0000000000003363       0x22 ./Core/Startup/startup_stm32f103c8tx.o
 .debug_info    0x0000000000003385      0x76a ./Drivers/STM32F1xx_HAL_Driver/Src/stm32f1xx_hal.o
 .debug_info    0x0000000000003aef      0xbdc ./Drivers/STM32F1xx_HAL_Driver/Src/stm32f1xx_hal_cortex.o
 .debug_info    0x00000000000046cb      0x88e ./Drivers/STM32F1xx_HAL_Driver/Src/stm32f1xx_hal_rcc.o
 .debug_info    0x0000000000004f59     0x2a45 ./Drivers/STM32F1xx_HAL_Driver/Src/stm32f1xx_hal_tim.o
 .debug_info    0x000000000000799e     0x14d5 ./Drivers/STM32F1xx_HAL_Driver/Src/stm32f1xx_hal_tim_ex.o
 .debug_info    0x0000000000008e73     0x2019 ./Middlewares/Third_Party/FreeRTOS/Source/CMSIS_RTOS/cmsis_os.o
 .debug_info    0x000000000000ae8c      0xb7c ./Middlewares/Third_Party/FreeRTOS/Source/list.o
 .debug_info    0x000000000000ba08     0x2052 ./Middlewares/Third_Party/FreeRTOS/Source/queue.o
 .debug_info    0x000000000000da5a     0x247d ./Middlewares/Third_Party/FreeRTOS/Source/tasks.o
 .debug_info    0x000000000000fed7      0x4a1 ./Middlewares/Third_Party/FreeRTOS/Source/portable/GCC/ARM_CM3/port.o
 .debug_info    0x0000000000010378      0xc77 ./Middlewares/Third_Party/FreeRTOS/Source/portable/MemMang/heap_4.o

.debug_abbrev   0x0000000000000000     0x27b2
 .debug_abbrev  0x0000000000000000      0x11d ./Core/Src/freertos.o
 .debug_abbrev  0x000000000000011d      0x2c6 ./Core/Src/main.o
 .debug_abbrev  0x00000000000003e3      0x126 ./Core/Src/stm32f1xx_hal_msp.o
 .debug_abbrev  0x0000000000000509      0x1bf ./Core/Src/stm32f1xx_hal_timebase_tim.o
 .debug_abbrev  0x00000000000006c8      0x176 ./Core/Src/stm32f1xx_it.o
 .debug_abbrev  0x000000000000083e      0x14e ./Core/Src/system_stm32f1xx.o
 .debug_abbrev  0x000000000000098c       0x12 ./Core/Startup/startup_stm32f103c8tx.o
 .debug_abbrev  0x000000000000099e      0x1ed ./Drivers/STM32F1xx_HAL_Driver/Src/stm32f1xx_hal.o
 .debug_abbrev  0x0000000000000b8b      0x313 ./Drivers/STM32F1xx_HAL_Driver/Src/stm32f1xx_hal_cortex.o
 .debug_abbrev  0x0000000000000e9e      0x273 ./Drivers/STM32F1xx_HAL_Driver/Src/stm32f1xx_hal_rcc.o
 .debug_abbrev  0x0000000000001111      0x25e ./Drivers/STM32F1xx_HAL_Driver/Src/stm32f1xx_hal_tim.o
 .debug_abbrev  0x000000000000136f      0x266 ./Drivers/STM32F1xx_HAL_Driver/Src/stm32f1xx_hal_tim_ex.o
 .debug_abbrev  0x00000000000015d5      0x3c2 ./Middlewares/Third_Party/FreeRTOS/Source/CMSIS_RTOS/cmsis_os.o
 .debug_abbrev  0x0000000000001997      0x1f7 ./Middlewares/Third_Party/FreeRTOS/Source/list.o
 .debug_abbrev  0x0000000000001b8e      0x3a2 ./Middlewares/Third_Party/FreeRTOS/Source/queue.o
 .debug_abbrev  0x0000000000001f30      0x380 ./Middlewares/Third_Party/FreeRTOS/Source/tasks.o
 .debug_abbrev  0x00000000000022b0      0x22f ./Middlewares/Third_Party/FreeRTOS/Source/portable/GCC/ARM_CM3/port.o
 .debug_abbrev  0x00000000000024df      0x2d3 ./Middlewares/Third_Party/FreeRTOS/Source/portable/MemMang/heap_4.o

.debug_aranges  0x0000000000000000      0xea8
 .debug_aranges
                0x0000000000000000       0x20 ./Core/Src/freertos.o
 .debug_aranges
                0x0000000000000020       0x50 ./Core/Src/main.o
 .debug_aranges
                0x0000000000000070       0x20 ./Core/Src/stm32f1xx_hal_msp.o
 .debug_aranges
                0x0000000000000090       0x30 ./Core/Src/stm32f1xx_hal_timebase_tim.o
 .debug_aranges
                0x00000000000000c0       0x50 ./Core/Src/stm32f1xx_it.o
 .debug_aranges
                0x0000000000000110       0x28 ./Core/Src/system_stm32f1xx.o
 .debug_aranges
                0x0000000000000138       0x28 ./Core/Startup/startup_stm32f103c8tx.o
 .debug_aranges
                0x0000000000000160       0xe0 ./Drivers/STM32F1xx_HAL_Driver/Src/stm32f1xx_hal.o
 .debug_aranges
                0x0000000000000240      0x100 ./Drivers/STM32F1xx_HAL_Driver/Src/stm32f1xx_hal_cortex.o
 .debug_aranges
                0x0000000000000340       0x90 ./Drivers/STM32F1xx_HAL_Driver/Src/stm32f1xx_hal_rcc.o
 .debug_aranges
                0x00000000000003d0      0x3d0 ./Drivers/STM32F1xx_HAL_Driver/Src/stm32f1xx_hal_tim.o
 .debug_aranges
                0x00000000000007a0      0x168 ./Drivers/STM32F1xx_HAL_Driver/Src/stm32f1xx_hal_tim_ex.o
 .debug_aranges
                0x0000000000000908      0x1d8 ./Middlewares/Third_Party/FreeRTOS/Source/CMSIS_RTOS/cmsis_os.o
 .debug_aranges
                0x0000000000000ae0       0x40 ./Middlewares/Third_Party/FreeRTOS/Source/list.o
 .debug_aranges
                0x0000000000000b20      0x118 ./Middlewares/Third_Party/FreeRTOS/Source/queue.o
 .debug_aranges
                0x0000000000000c38      0x1a8 ./Middlewares/Third_Party/FreeRTOS/Source/tasks.o
 .debug_aranges
                0x0000000000000de0       0x78 ./Middlewares/Third_Party/FreeRTOS/Source/portable/GCC/ARM_CM3/port.o
 .debug_aranges
                0x0000000000000e58       0x50 ./Middlewares/Third_Party/FreeRTOS/Source/portable/MemMang/heap_4.o

.debug_ranges   0x0000000000000000      0xd90
 .debug_ranges  0x0000000000000000       0x10 ./Core/Src/freertos.o
 .debug_ranges  0x0000000000000010       0x40 ./Core/Src/main.o
 .debug_ranges  0x0000000000000050       0x10 ./Core/Src/stm32f1xx_hal_msp.o
 .debug_ranges  0x0000000000000060       0x20 ./Core/Src/stm32f1xx_hal_timebase_tim.o
 .debug_ranges  0x0000000000000080       0x40 ./Core/Src/stm32f1xx_it.o
 .debug_ranges  0x00000000000000c0       0x18 ./Core/Src/system_stm32f1xx.o
 .debug_ranges  0x00000000000000d8       0x20 ./Core/Startup/startup_stm32f103c8tx.o
 .debug_ranges  0x00000000000000f8       0xd0 ./Drivers/STM32F1xx_HAL_Driver/Src/stm32f1xx_hal.o
 .debug_ranges  0x00000000000001c8       0xf0 ./Drivers/STM32F1xx_HAL_Driver/Src/stm32f1xx_hal_cortex.o
 .debug_ranges  0x00000000000002b8       0x80 ./Drivers/STM32F1xx_HAL_Driver/Src/stm32f1xx_hal_rcc.o
 .debug_ranges  0x0000000000000338      0x3c0 ./Drivers/STM32F1xx_HAL_Driver/Src/stm32f1xx_hal_tim.o
 .debug_ranges  0x00000000000006f8      0x158 ./Drivers/STM32F1xx_HAL_Driver/Src/stm32f1xx_hal_tim_ex.o
 .debug_ranges  0x0000000000000850      0x1c8 ./Middlewares/Third_Party/FreeRTOS/Source/CMSIS_RTOS/cmsis_os.o
 .debug_ranges  0x0000000000000a18       0x30 ./Middlewares/Third_Party/FreeRTOS/Source/list.o
 .debug_ranges  0x0000000000000a48      0x108 ./Middlewares/Third_Party/FreeRTOS/Source/queue.o
 .debug_ranges  0x0000000000000b50      0x198 ./Middlewares/Third_Party/FreeRTOS/Source/tasks.o
 .debug_ranges  0x0000000000000ce8       0x68 ./Middlewares/Third_Party/FreeRTOS/Source/portable/GCC/ARM_CM3/port.o
 .debug_ranges  0x0000000000000d50       0x40 ./Middlewares/Third_Party/FreeRTOS/Source/portable/MemMang/heap_4.o

.debug_macro    0x0000000000000000    0x18ce6
 .debug_macro   0x0000000000000000      0x20b ./Core/Src/freertos.o
 .debug_macro   0x000000000000020b      0xa9c ./Core/Src/freertos.o
 .debug_macro   0x0000000000000ca7      0x174 ./Core/Src/freertos.o
 .debug_macro   0x0000000000000e1b       0x22 ./Core/Src/freertos.o
 .debug_macro   0x0000000000000e3d       0x8e ./Core/Src/freertos.o
 .debug_macro   0x0000000000000ecb       0x51 ./Core/Src/freertos.o
 .debug_macro   0x0000000000000f1c      0x103 ./Core/Src/freertos.o
 .debug_macro   0x000000000000101f       0x6a ./Core/Src/freertos.o
 .debug_macro   0x0000000000001089      0x1df ./Core/Src/freertos.o
 .debug_macro   0x0000000000001268       0xdc ./Core/Src/freertos.o
 .debug_macro   0x0000000000001344      0x15a ./Core/Src/freertos.o
 .debug_macro   0x000000000000149e       0xd7 ./Core/Src/freertos.o
 .debug_macro   0x0000000000001575       0x10 ./Core/Src/freertos.o
 .debug_macro   0x0000000000001585       0x1f ./Core/Src/freertos.o
 .debug_macro   0x00000000000015a4      0x4b0 ./Core/Src/freertos.o
 .debug_macro   0x0000000000001a54       0xb5 ./Core/Src/freertos.o
 .debug_macro   0x0000000000001b09       0x8c ./Core/Src/freertos.o
 .debug_macro   0x0000000000001b95      0x215 ./Core/Src/freertos.o
 .debug_macro   0x0000000000001daa       0x2e ./Core/Src/freertos.o
 .debug_macro   0x0000000000001dd8       0x22 ./Core/Src/freertos.o
 .debug_macro   0x0000000000001dfa       0x1c ./Core/Src/freertos.o
 .debug_macro   0x0000000000001e16       0x22 ./Core/Src/freertos.o
 .debug_macro   0x0000000000001e38       0xc3 ./Core/Src/freertos.o
 .debug_macro   0x0000000000001efb      0xd23 ./Core/Src/freertos.o
 .debug_macro   0x0000000000002c1e     0xe09e ./Core/Src/freertos.o
 .debug_macro   0x0000000000010cbc       0x6d ./Core/Src/freertos.o
 .debug_macro   0x0000000000010d29     0x3468 ./Core/Src/freertos.o
 .debug_macro   0x0000000000014191       0x5c ./Core/Src/freertos.o
 .debug_macro   0x00000000000141ed      0x5be ./Core/Src/freertos.o
 .debug_macro   0x00000000000147ab      0x289 ./Core/Src/freertos.o
 .debug_macro   0x0000000000014a34      0x1cb ./Core/Src/freertos.o
 .debug_macro   0x0000000000014bff      0x114 ./Core/Src/freertos.o
 .debug_macro   0x0000000000014d13      0x1b2 ./Core/Src/freertos.o
 .debug_macro   0x0000000000014ec5       0x27 ./Core/Src/freertos.o
 .debug_macro   0x0000000000014eec      0x136 ./Core/Src/freertos.o
 .debug_macro   0x0000000000015022      0x1bc ./Core/Src/freertos.o
 .debug_macro   0x00000000000151de       0x34 ./Core/Src/freertos.o
 .debug_macro   0x0000000000015212       0x3c ./Core/Src/freertos.o
 .debug_macro   0x000000000001524e       0x57 ./Core/Src/freertos.o
 .debug_macro   0x00000000000152a5       0x88 ./Core/Src/freertos.o
 .debug_macro   0x000000000001532d      0x241 ./Core/Src/freertos.o
 .debug_macro   0x000000000001556e      0x141 ./Core/Src/freertos.o
 .debug_macro   0x00000000000156af      0x8d1 ./Core/Src/freertos.o
 .debug_macro   0x0000000000015f80       0x83 ./Core/Src/freertos.o
 .debug_macro   0x0000000000016003      0x3e5 ./Core/Src/main.o
 .debug_macro   0x00000000000163e8       0xdc ./Core/Src/main.o
 .debug_macro   0x00000000000164c4       0x91 ./Core/Src/main.o
 .debug_macro   0x0000000000016555       0x8d ./Core/Src/main.o
 .debug_macro   0x00000000000165e2       0x7e ./Core/Src/main.o
 .debug_macro   0x0000000000016660       0x19 ./Core/Src/main.o
 .debug_macro   0x0000000000016679       0xf2 ./Core/Src/main.o
 .debug_macro   0x000000000001676b       0x52 ./Core/Src/main.o
 .debug_macro   0x00000000000167bd       0x18 ./Core/Src/main.o
 .debug_macro   0x00000000000167d5       0x3c ./Core/Src/main.o
 .debug_macro   0x0000000000016811       0x34 ./Core/Src/main.o
 .debug_macro   0x0000000000016845       0x16 ./Core/Src/main.o
 .debug_macro   0x000000000001685b       0x35 ./Core/Src/main.o
 .debug_macro   0x0000000000016890      0x333 ./Core/Src/main.o
 .debug_macro   0x0000000000016bc3       0x10 ./Core/Src/main.o
 .debug_macro   0x0000000000016bd3       0x16 ./Core/Src/main.o
 .debug_macro   0x0000000000016be9       0x43 ./Core/Src/main.o
 .debug_macro   0x0000000000016c2c       0x34 ./Core/Src/main.o
 .debug_macro   0x0000000000016c60       0x10 ./Core/Src/main.o
 .debug_macro   0x0000000000016c70       0x58 ./Core/Src/main.o
 .debug_macro   0x0000000000016cc8       0x71 ./Core/Src/main.o
 .debug_macro   0x0000000000016d39       0x1c ./Core/Src/main.o
 .debug_macro   0x0000000000016d55      0x12a ./Core/Src/main.o
 .debug_macro   0x0000000000016e7f       0x10 ./Core/Src/main.o
 .debug_macro   0x0000000000016e8f       0x1c ./Core/Src/main.o
 .debug_macro   0x0000000000016eab       0x52 ./Core/Src/main.o
 .debug_macro   0x0000000000016efd       0x22 ./Core/Src/main.o
 .debug_macro   0x0000000000016f1f       0x10 ./Core/Src/main.o
 .debug_macro   0x0000000000016f2f       0x40 ./Core/Src/main.o
 .debug_macro   0x0000000000016f6f       0xd5 ./Core/Src/main.o
 .debug_macro   0x0000000000017044       0x1c ./Core/Src/main.o
 .debug_macro   0x0000000000017060       0x3d ./Core/Src/main.o
 .debug_macro   0x000000000001709d       0x16 ./Core/Src/main.o
 .debug_macro   0x00000000000170b3      0x145 ./Core/Src/main.o
 .debug_macro   0x00000000000171f8       0x16 ./Core/Src/main.o
 .debug_macro   0x000000000001720e       0x20 ./Core/Src/main.o
 .debug_macro   0x000000000001722e      0x1a3 ./Core/Src/stm32f1xx_hal_msp.o
 .debug_macro   0x00000000000173d1      0x199 ./Core/Src/stm32f1xx_hal_timebase_tim.o
 .debug_macro   0x000000000001756a      0x1ad ./Core/Src/stm32f1xx_it.o
 .debug_macro   0x0000000000017717      0x199 ./Core/Src/system_stm32f1xx.o
 .debug_macro   0x00000000000178b0      0x1bd ./Drivers/STM32F1xx_HAL_Driver/Src/stm32f1xx_hal.o
 .debug_macro   0x0000000000017a6d      0x199 ./Drivers/STM32F1xx_HAL_Driver/Src/stm32f1xx_hal_cortex.o
 .debug_macro   0x0000000000017c06      0x1ab ./Drivers/STM32F1xx_HAL_Driver/Src/stm32f1xx_hal_rcc.o
 .debug_macro   0x0000000000017db1      0x19a ./Drivers/STM32F1xx_HAL_Driver/Src/stm32f1xx_hal_tim.o
 .debug_macro   0x0000000000017f4b      0x199 ./Drivers/STM32F1xx_HAL_Driver/Src/stm32f1xx_hal_tim_ex.o
 .debug_macro   0x00000000000180e4      0x1fe ./Middlewares/Third_Party/FreeRTOS/Source/CMSIS_RTOS/cmsis_os.o
 .debug_macro   0x00000000000182e2       0x10 ./Middlewares/Third_Party/FreeRTOS/Source/CMSIS_RTOS/cmsis_os.o
 .debug_macro   0x00000000000182f2       0xab ./Middlewares/Third_Party/FreeRTOS/Source/CMSIS_RTOS/cmsis_os.o
 .debug_macro   0x000000000001839d      0x187 ./Middlewares/Third_Party/FreeRTOS/Source/list.o
 .debug_macro   0x0000000000018524      0x212 ./Middlewares/Third_Party/FreeRTOS/Source/queue.o
 .debug_macro   0x0000000000018736      0x280 ./Middlewares/Third_Party/FreeRTOS/Source/tasks.o
 .debug_macro   0x00000000000189b6       0x10 ./Middlewares/Third_Party/FreeRTOS/Source/tasks.o
 .debug_macro   0x00000000000189c6      0x172 ./Middlewares/Third_Party/FreeRTOS/Source/portable/GCC/ARM_CM3/port.o
 .debug_macro   0x0000000000018b38      0x1ae ./Middlewares/Third_Party/FreeRTOS/Source/portable/MemMang/heap_4.o

.debug_line     0x0000000000000000     0xf3ca
 .debug_line    0x0000000000000000      0x78a ./Core/Src/freertos.o
 .debug_line    0x000000000000078a      0xb1d ./Core/Src/main.o
 .debug_line    0x00000000000012a7      0x68f ./Core/Src/stm32f1xx_hal_msp.o
 .debug_line    0x0000000000001936      0x6ec ./Core/Src/stm32f1xx_hal_timebase_tim.o
 .debug_line    0x0000000000002022      0x729 ./Core/Src/stm32f1xx_it.o
 .debug_line    0x000000000000274b      0x70b ./Core/Src/system_stm32f1xx.o
 .debug_line    0x0000000000002e56       0x87 ./Core/Startup/startup_stm32f103c8tx.o
 .debug_line    0x0000000000002edd      0x938 ./Drivers/STM32F1xx_HAL_Driver/Src/stm32f1xx_hal.o
 .debug_line    0x0000000000003815      0xb20 ./Drivers/STM32F1xx_HAL_Driver/Src/stm32f1xx_hal_cortex.o
 .debug_line    0x0000000000004335      0xd46 ./Drivers/STM32F1xx_HAL_Driver/Src/stm32f1xx_hal_rcc.o
 .debug_line    0x000000000000507b     0x32e1 ./Drivers/STM32F1xx_HAL_Driver/Src/stm32f1xx_hal_tim.o
 .debug_line    0x000000000000835c     0x1860 ./Drivers/STM32F1xx_HAL_Driver/Src/stm32f1xx_hal_tim_ex.o
 .debug_line    0x0000000000009bbc     0x11f5 ./Middlewares/Third_Party/FreeRTOS/Source/CMSIS_RTOS/cmsis_os.o
 .debug_line    0x000000000000adb1      0x73c ./Middlewares/Third_Party/FreeRTOS/Source/list.o
 .debug_line    0x000000000000b4ed     0x1563 ./Middlewares/Third_Party/FreeRTOS/Source/queue.o
 .debug_line    0x000000000000ca50     0x18ff ./Middlewares/Third_Party/FreeRTOS/Source/tasks.o
 .debug_line    0x000000000000e34f      0x77d ./Middlewares/Third_Party/FreeRTOS/Source/portable/GCC/ARM_CM3/port.o
 .debug_line    0x000000000000eacc      0x8fe ./Middlewares/Third_Party/FreeRTOS/Source/portable/MemMang/heap_4.o

.debug_str      0x0000000000000000    0x90871
 .debug_str     0x0000000000000000    0x84fe0 ./Core/Src/freertos.o
                                      0x85354 (size before relaxing)
 .debug_str     0x0000000000084fe0     0x6b4c ./Core/Src/main.o
                                      0x8bf44 (size before relaxing)
 .debug_str     0x000000000008bb2c      0x2be ./Core/Src/stm32f1xx_hal_msp.o
                                      0x81b7d (size before relaxing)
 .debug_str     0x000000000008bdea       0xaa ./Core/Src/stm32f1xx_hal_timebase_tim.o
                                      0x820f3 (size before relaxing)
 .debug_str     0x000000000008be94       0xa2 ./Core/Src/stm32f1xx_it.o
                                      0x81d64 (size before relaxing)
 .debug_str     0x000000000008bf36       0x52 ./Core/Src/system_stm32f1xx.o
                                      0x81895 (size before relaxing)
 .debug_str     0x000000000008bf88       0x36 ./Core/Startup/startup_stm32f103c8tx.o
                                         0x75 (size before relaxing)
 .debug_str     0x000000000008bfbe      0x2c0 ./Drivers/STM32F1xx_HAL_Driver/Src/stm32f1xx_hal.o
                                      0x81f26 (size before relaxing)
 .debug_str     0x000000000008c27e      0x2f7 ./Drivers/STM32F1xx_HAL_Driver/Src/stm32f1xx_hal_cortex.o
                                      0x81f2e (size before relaxing)
 .debug_str     0x000000000008c575      0x278 ./Drivers/STM32F1xx_HAL_Driver/Src/stm32f1xx_hal_rcc.o
                                      0x81c92 (size before relaxing)
 .debug_str     0x000000000008c7ed      0xe4d ./Drivers/STM32F1xx_HAL_Driver/Src/stm32f1xx_hal_tim.o
                                      0x82c64 (size before relaxing)
 .debug_str     0x000000000008d63a      0x538 ./Drivers/STM32F1xx_HAL_Driver/Src/stm32f1xx_hal_tim_ex.o
                                      0x82415 (size before relaxing)
 .debug_str     0x000000000008db72      0x799 ./Middlewares/Third_Party/FreeRTOS/Source/CMSIS_RTOS/cmsis_os.o
                                       0xdecc (size before relaxing)
 .debug_str     0x000000000008e30b      0x225 ./Middlewares/Third_Party/FreeRTOS/Source/list.o
                                       0xa80d (size before relaxing)
 .debug_str     0x000000000008e530      0x82f ./Middlewares/Third_Party/FreeRTOS/Source/queue.o
                                       0xbf21 (size before relaxing)
 .debug_str     0x000000000008ed5f     0x11ca ./Middlewares/Third_Party/FreeRTOS/Source/tasks.o
                                       0xc9fe (size before relaxing)
 .debug_str     0x000000000008ff29      0x6ee ./Middlewares/Third_Party/FreeRTOS/Source/portable/GCC/ARM_CM3/port.o
                                       0x8167 (size before relaxing)
 .debug_str     0x0000000000090617      0x25a ./Middlewares/Third_Party/FreeRTOS/Source/portable/MemMang/heap_4.o
                                       0xaf30 (size before relaxing)

.comment        0x0000000000000000       0x53
 .comment       0x0000000000000000       0x53 ./Core/Src/freertos.o
                                         0x54 (size before relaxing)
 .comment       0x0000000000000053       0x54 ./Core/Src/main.o
 .comment       0x0000000000000053       0x54 ./Core/Src/stm32f1xx_hal_msp.o
 .comment       0x0000000000000053       0x54 ./Core/Src/stm32f1xx_hal_timebase_tim.o
 .comment       0x0000000000000053       0x54 ./Core/Src/stm32f1xx_it.o
 .comment       0x0000000000000053       0x54 ./Core/Src/system_stm32f1xx.o
 .comment       0x0000000000000053       0x54 ./Drivers/STM32F1xx_HAL_Driver/Src/stm32f1xx_hal.o
 .comment       0x0000000000000053       0x54 ./Drivers/STM32F1xx_HAL_Driver/Src/stm32f1xx_hal_cortex.o
 .comment       0x0000000000000053       0x54 ./Drivers/STM32F1xx_HAL_Driver/Src/stm32f1xx_hal_rcc.o
 .comment       0x0000000000000053       0x54 ./Drivers/STM32F1xx_HAL_Driver/Src/stm32f1xx_hal_tim.o
 .comment       0x0000000000000053       0x54 ./Drivers/STM32F1xx_HAL_Driver/Src/stm32f1xx_hal_tim_ex.o
 .comment       0x0000000000000053       0x54 ./Middlewares/Third_Party/FreeRTOS/Source/CMSIS_RTOS/cmsis_os.o
 .comment       0x0000000000000053       0x54 ./Middlewares/Third_Party/FreeRTOS/Source/list.o
 .comment       0x0000000000000053       0x54 ./Middlewares/Third_Party/FreeRTOS/Source/queue.o
 .comment       0x0000000000000053       0x54 ./Middlewares/Third_Party/FreeRTOS/Source/tasks.o
 .comment       0x0000000000000053       0x54 ./Middlewares/Third_Party/FreeRTOS/Source/portable/GCC/ARM_CM3/port.o
 .comment       0x0000000000000053       0x54 ./Middlewares/Third_Party/FreeRTOS/Source/portable/MemMang/heap_4.o

.debug_frame    0x0000000000000000     0x3c40
 .debug_frame   0x0000000000000000       0x38 ./Core/Src/freertos.o
 .debug_frame   0x0000000000000038       0xfc ./Core/Src/main.o
 .debug_frame   0x0000000000000134       0x34 ./Core/Src/stm32f1xx_hal_msp.o
 .debug_frame   0x0000000000000168       0x74 ./Core/Src/stm32f1xx_hal_timebase_tim.o
 .debug_frame   0x00000000000001dc       0xc4 ./Core/Src/stm32f1xx_it.o
 .debug_frame   0x00000000000002a0       0x58 ./Core/Src/system_stm32f1xx.o
 .debug_frame   0x00000000000002f8      0x334 ./Drivers/STM32F1xx_HAL_Driver/Src/stm32f1xx_hal.o
 .debug_frame   0x000000000000062c      0x428 ./Drivers/STM32F1xx_HAL_Driver/Src/stm32f1xx_hal_cortex.o
 .debug_frame   0x0000000000000a54      0x21c ./Drivers/STM32F1xx_HAL_Driver/Src/stm32f1xx_hal_rcc.o
 .debug_frame   0x0000000000000c70     0x11b8 ./Drivers/STM32F1xx_HAL_Driver/Src/stm32f1xx_hal_tim.o
 .debug_frame   0x0000000000001e28      0x638 ./Drivers/STM32F1xx_HAL_Driver/Src/stm32f1xx_hal_tim_ex.o
 .debug_frame   0x0000000000002460      0x80c ./Middlewares/Third_Party/FreeRTOS/Source/CMSIS_RTOS/cmsis_os.o
 .debug_frame   0x0000000000002c6c       0xd8 ./Middlewares/Third_Party/FreeRTOS/Source/list.o
 .debug_frame   0x0000000000002d44      0x4b4 ./Middlewares/Third_Party/FreeRTOS/Source/queue.o
 .debug_frame   0x00000000000031f8      0x734 ./Middlewares/Third_Party/FreeRTOS/Source/tasks.o
 .debug_frame   0x000000000000392c      0x198 ./Middlewares/Third_Party/FreeRTOS/Source/portable/GCC/ARM_CM3/port.o
 .debug_frame   0x0000000000003ac4      0x108 ./Middlewares/Third_Party/FreeRTOS/Source/portable/MemMang/heap_4.o
 .debug_frame   0x0000000000003bcc       0x2c d:/stm32cubeide/stm32cubeide_1.7.0/stm32cubeide/plugins/com.st.stm32cube.ide.mcu.externaltools.gnu-tools-for-stm32.9-2020-q2-update.win32_2.0.0.202105311346/tools/bin/../lib/gcc/arm-none-eabi/9.3.1/../../../../arm-none-eabi/lib/thumb/v7-m/nofp\libc_nano.a(lib_a-init.o)
 .debug_frame   0x0000000000003bf8       0x28 d:/stm32cubeide/stm32cubeide_1.7.0/stm32cubeide/plugins/com.st.stm32cube.ide.mcu.externaltools.gnu-tools-for-stm32.9-2020-q2-update.win32_2.0.0.202105311346/tools/bin/../lib/gcc/arm-none-eabi/9.3.1/../../../../arm-none-eabi/lib/thumb/v7-m/nofp\libc_nano.a(lib_a-memcpy-stub.o)
 .debug_frame   0x0000000000003c20       0x20 d:/stm32cubeide/stm32cubeide_1.7.0/stm32cubeide/plugins/com.st.stm32cube.ide.mcu.externaltools.gnu-tools-for-stm32.9-2020-q2-update.win32_2.0.0.202105311346/tools/bin/../lib/gcc/arm-none-eabi/9.3.1/../../../../arm-none-eabi/lib/thumb/v7-m/nofp\libc_nano.a(lib_a-memset.o)
